******************************************************************************
                  MSP430 Linker PC v21.6.1                     
******************************************************************************
>> Linked Fri Jun  9 09:09:57 2023

OUTPUT FILE NAME:   <GRBL Driver MSP430F5529.out>
ENTRY POINT SYMBOL: "_c_int00_noargs"  address: 000045c6


MEMORY CONFIGURATION

         name            origin    length      used     unused   attr    fill
----------------------  --------  ---------  --------  --------  ----  --------
  SFR                   00000000   00000010  00000000  00000010  RWIX
  PERIPHERALS_8BIT      00000010   000000f0  00000000  000000f0  RWIX
  PERIPHERALS_16BIT     00000100   00000100  00000000  00000100  RWIX
  INFOD                 00001800   00000080  00000000  00000080  RWIX
  INFOC                 00001880   00000080  00000000  00000080  RWIX
  INFOB                 00001900   00000080  00000000  00000080  RWIX
  INFOA                 00001980   00000080  00000000  00000080  RWIX
  USBRAM                00001c00   00000800  00000000  00000800  RWIX
  RAM                   00002400   00002000  00001fd5  0000002b  RWIX
  FLASH                 00004400   0000bb80  0000b87d  00000303  RWIX
  INT00                 0000ff80   00000002  00000000  00000002  RWIX
  INT01                 0000ff82   00000002  00000000  00000002  RWIX
  INT02                 0000ff84   00000002  00000000  00000002  RWIX
  INT03                 0000ff86   00000002  00000000  00000002  RWIX
  INT04                 0000ff88   00000002  00000000  00000002  RWIX
  INT05                 0000ff8a   00000002  00000000  00000002  RWIX
  INT06                 0000ff8c   00000002  00000000  00000002  RWIX
  INT07                 0000ff8e   00000002  00000000  00000002  RWIX
  INT08                 0000ff90   00000002  00000000  00000002  RWIX
  INT09                 0000ff92   00000002  00000000  00000002  RWIX
  INT10                 0000ff94   00000002  00000000  00000002  RWIX
  INT11                 0000ff96   00000002  00000000  00000002  RWIX
  INT12                 0000ff98   00000002  00000000  00000002  RWIX
  INT13                 0000ff9a   00000002  00000000  00000002  RWIX
  INT14                 0000ff9c   00000002  00000000  00000002  RWIX
  INT15                 0000ff9e   00000002  00000000  00000002  RWIX
  INT16                 0000ffa0   00000002  00000000  00000002  RWIX
  INT17                 0000ffa2   00000002  00000000  00000002  RWIX
  INT18                 0000ffa4   00000002  00000000  00000002  RWIX
  INT19                 0000ffa6   00000002  00000000  00000002  RWIX
  INT20                 0000ffa8   00000002  00000000  00000002  RWIX
  INT21                 0000ffaa   00000002  00000000  00000002  RWIX
  INT22                 0000ffac   00000002  00000000  00000002  RWIX
  INT23                 0000ffae   00000002  00000000  00000002  RWIX
  INT24                 0000ffb0   00000002  00000000  00000002  RWIX
  INT25                 0000ffb2   00000002  00000000  00000002  RWIX
  INT26                 0000ffb4   00000002  00000000  00000002  RWIX
  INT27                 0000ffb6   00000002  00000000  00000002  RWIX
  INT28                 0000ffb8   00000002  00000000  00000002  RWIX
  INT29                 0000ffba   00000002  00000000  00000002  RWIX
  INT30                 0000ffbc   00000002  00000000  00000002  RWIX
  INT31                 0000ffbe   00000002  00000000  00000002  RWIX
  INT32                 0000ffc0   00000002  00000000  00000002  RWIX
  INT33                 0000ffc2   00000002  00000000  00000002  RWIX
  INT34                 0000ffc4   00000002  00000000  00000002  RWIX
  INT35                 0000ffc6   00000002  00000000  00000002  RWIX
  INT36                 0000ffc8   00000002  00000000  00000002  RWIX
  INT37                 0000ffca   00000002  00000000  00000002  RWIX
  INT38                 0000ffcc   00000002  00000000  00000002  RWIX
  INT39                 0000ffce   00000002  00000000  00000002  RWIX
  INT40                 0000ffd0   00000002  00000000  00000002  RWIX
  INT41                 0000ffd2   00000002  00000002  00000000  RWIX
  INT42                 0000ffd4   00000002  00000002  00000000  RWIX
  INT43                 0000ffd6   00000002  00000002  00000000  RWIX
  INT44                 0000ffd8   00000002  00000002  00000000  RWIX
  INT45                 0000ffda   00000002  00000002  00000000  RWIX
  INT46                 0000ffdc   00000002  00000002  00000000  RWIX
  INT47                 0000ffde   00000002  00000002  00000000  RWIX
  INT48                 0000ffe0   00000002  00000002  00000000  RWIX
  INT49                 0000ffe2   00000002  00000002  00000000  RWIX
  INT50                 0000ffe4   00000002  00000002  00000000  RWIX
  INT51                 0000ffe6   00000002  00000002  00000000  RWIX
  INT52                 0000ffe8   00000002  00000002  00000000  RWIX
  INT53                 0000ffea   00000002  00000002  00000000  RWIX
  INT54                 0000ffec   00000002  00000002  00000000  RWIX
  INT55                 0000ffee   00000002  00000002  00000000  RWIX
  INT56                 0000fff0   00000002  00000002  00000000  RWIX
  INT57                 0000fff2   00000002  00000002  00000000  RWIX
  INT58                 0000fff4   00000002  00000002  00000000  RWIX
  INT59                 0000fff6   00000002  00000002  00000000  RWIX
  INT60                 0000fff8   00000002  00000002  00000000  RWIX
  INT61                 0000fffa   00000002  00000002  00000000  RWIX
  INT62                 0000fffc   00000002  00000002  00000000  RWIX
  RESET                 0000fffe   00000002  00000002  00000000  RWIX
  FLASH2                00010000   00014400  00014400  00000000  RWIX


SECTION ALLOCATION MAP

 output                                  attributes/
section   page    origin      length       input sections
--------  ----  ----------  ----------   ----------------
.bss       0    00002400    000013f1     UNINITIALIZED
                  00002400    00000600     planner.obj (.bss:block_buffer)
                  00002a00    0000019e     stepper.obj (.bss:st_block_buffer)
                  00002b9e    00000194     (.common:hal)
                  00002d32    00000154     (.common:settings)
                  00002e86    00000140     stepper.obj (.bss:segment_buffer)
                  00002fc6    00000102     protocol.obj (.bss:line)
                  000030c8    00000102     protocol.obj (.bss:xcommand)
                  000031ca    00000100     serial.obj (.bss:rxbuf)
                  000032ca    000000a8     (.common:gc_state)
                  00003372    000000a0     (.common:__TI_tmpnams)
                  00003412    0000009a     gcode.obj (.bss:gc_block$7)
                  000034ac    00000080     serial.obj (.bss:txbuf)
                  0000352c    00000078     (.common:grbl)
                  000035a4    0000004c     stepper.obj (.bss:prep)
                  000035f0    00000042     driver.obj (.bss:spindle_pwm)
                  00003632    0000002e     report.obj (.bss:last_state$6)
                  00003660    0000002e     stepper.obj (.bss:st_hold_block)
                  0000368e    0000002c     stepper.obj (.bss:st)
                  000036ba    0000002c     gcode.obj (.bss:thread)
                  000036e6    0000002a     report.obj (.bss:buf)
                  00003710    00000024     nvs_buffer.obj (.bss:physical_nvs)
                  00003734    0000001c     planner.obj (.bss:pl)
                  00003750    00000019     report.obj (.bss)
                  00003769    00000001     driver.obj (.bss:next_step_outbits)
                  0000376a    00000018     stepper.obj (.bss)
                  00003782    00000014     (.common:tool_table)
                  00003796    0000000e     nuts_bolts.obj (.bss:buf)
                  000037a4    0000000c     stepper.obj (.bss:amass)
                  000037b0    0000000c     planner.obj (.bss)
                  000037bc    0000000c     tool_change.obj (.bss:previous)
                  000037c8    00000008     (.common:parmbuf)
                  000037d0    00000008     (.common:settings_dirty)
                  000037d8    00000006     tool_change.obj (.bss)
                  000037de    00000004     state_machine.obj (.bss:restore_condition)
                  000037e2    00000004     rts430x_lc_rd_eabi.lib : memory.c.obj (.bss)
                  000037e6    00000004     state_machine.obj (.bss)
                  000037ea    00000003     tool_change.obj (.bss:plane)
                  000037ed    00000001     nvs_buffer.obj (.bss)
                  000037ee    00000002     driver.obj (.bss)
                  000037f0    00000001     (.common:slumber)

.data      0    000037f2    0000048c     UNINITIALIZED
                  000037f2    000000c8     rts430x_lc_rd_eabi.lib : defs.c.obj (.data:_ftable)
                  000038ba    00000078                            : host_device.c.obj (.data:_device)
                  00003932    00000068     grbllib.obj (.data:sys)
                  0000399a    00000065     settings.obj (.data:control_signals)
                  000039ff    00000001     grbllib.obj (.data:driver)
                  00003a00    0000004c     state_machine.obj (.data:park)
                  00003a4c    00000044     stream.obj (.data:org_stream$2)
                  00003a90    0000003c     rts430x_lc_rd_eabi.lib : host_device.c.obj (.data:_stream)
                  00003acc    00000025     settings.obj (.data:spindle_signals)
                  00003af1    00000001     driver.obj (.data:probe)
                  00003af2    00000024     protocol.obj (.data:realtime_queue)
                  00003b16    00000020     settings.obj (.data:setting_details)
                  00003b36    00000018     gcode.obj (.data:scale_factor)
                  00003b4e    00000016     tool_change.obj (.data)
                  00003b64    00000015     settings.obj (.data:ganged_axes)
                  00003b79    00000001     --HOLE--
                  00003b7a    00000014     override.obj (.data:accessory)
                  00003b8e    00000014     tool_change.obj (.data:current_tool)
                  00003ba2    00000014     override.obj (.data:feed)
                  00003bb6    00000010     stream.obj (.data)
                  00003bc6    0000000e     settings.obj (.data:override_backup)
                  00003bd4    0000000e     serial.obj (.data)
                  00003be2    0000000c     tool_change.obj (.data:target)
                  00003bee    0000000b     settings.obj (.data:coolant_signals)
                  00003bf9    00000001     --HOLE--
                  00003bfa    0000000a     alarms.obj (.data:details)
                  00003c04    0000000a     errors.obj (.data:details)
                  00003c0e    0000000a     stream.obj (.data:mpg)
                  00003c18    0000000a     stream.obj (.data:null_streams)
                  00003c22    00000008     driver.obj (.data:delay)
                  00003c2a    00000008     gcode.obj (.data)
                  00003c32    00000008     ngc_params.obj (.data)
                  00003c3a    00000008     state_machine.obj (.data)
                  00003c42    00000005     driver.obj (.data)
                  00003c47    00000001     --HOLE--
                  00003c48    00000005     stepper.obj (.data)
                  00003c4d    00000001     --HOLE--
                  00003c4e    00000004     rts430x_lc_rd_eabi.lib : exit_gvars.c.obj (.data:__TI_cleanup_ptr)
                  00003c52    00000004                            : exit_gvars.c.obj (.data:__TI_dtors_ptr)
                  00003c56    00000004                            : _lock.c.obj (.data:_lock)
                  00003c5a    00000004                            : _lock.c.obj (.data:_unlock)
                  00003c5e    00000004     nvs_buffer.obj (.data)
                  00003c62    00000004     planner.obj (.data)
                  00003c66    00000004     protocol.obj (.data)
                  00003c6a    00000004     rts430x_lc_rd_eabi.lib : strtok.c.obj (.data)
                  00003c6e    00000004     gcode.obj (.data:user_words$8)
                  00003c72    00000003     report.obj (.data)
                  00003c75    00000001     --HOLE--
                  00003c76    00000002     rts430x_lc_rd_eabi.lib : defs.c.obj (.data)
                  00003c78    00000002                            : errno.c.obj (.data)
                  00003c7a    00000002                            : exit.c.obj (.data)
                  00003c7c    00000002                            : memory.c.obj (.data)

.sysmem    0    00003c80    00000438     UNINITIALIZED
                  00003c80    00000008     rts430x_lc_rd_eabi.lib : memory.c.obj (.sysmem)
                  00003c88    00000430     --HOLE--

.cio       0    000040b8    00000120     UNINITIALIZED
                  000040b8    00000120     rts430x_lc_rd_eabi.lib : trgmsg.c.obj (.cio)

.stack     0    00004200    00000200     UNINITIALIZED
                  00004200    00000004     rts430x_lc_rd_eabi.lib : boot.c.obj (.stack)
                  00004204    000001fc     --HOLE--

.text:_isr 
*          0    00004400    000001fe     
                  00004400    0000009e     serial.obj (.text:_isr:USCI1RX_ISR)
                  0000449e    00000052     driver.obj (.text:_isr:limit_isr)
                  000044f0    0000003a     driver.obj (.text:_isr:software_debounce_isr)
                  0000452a    00000034     driver.obj (.text:_isr:control_isr)
                  0000455e    00000026     driver.obj (.text:_isr:stepper_pulse_isr_delayed)
                  00004584    00000024     driver.obj (.text:_isr:systick_isr)
                  000045a8    0000001e     driver.obj (.text:_isr:stepper_driver_isr)
                  000045c6    0000001c     rts430x_lc_rd_eabi.lib : boot.c.obj (.text:_isr:_c_int00_noargs)
                  000045e2    00000014     driver.obj (.text:_isr:stepper_pulse_isr)
                  000045f6    00000008     rts430x_lc_rd_eabi.lib : isr_trap.asm.obj (.text:_isr:__TI_ISR_TRAP)

.cinit     0    0000fb0a    00000174     
                  0000fb0a    00000152     (.cinit..data.load) [load image, compression = lzss]
                  0000fc5c    0000000c     (__TI_handler_table)
                  0000fc68    00000006     (.cinit..bss.load) [load image, compression = zero_init]
                  0000fc6e    00000010     (__TI_cinit_table)

.init_array 
*          0    00004400    00000000     UNINITIALIZED

.const     0    0000b0fc    00004a0d     
                  0000b0fc    00000baa     report.obj (.const:.string)
                  0000bca6    00000b68     settings.obj (.const:setting_detail)
                  0000c80e    00000b50     settings.obj (.const:.string)
                  0000d35e    00000aee     errors.obj (.const:.string)
                  0000de4c    00000598     system.obj (.const:.string)
                  0000e3e4    00000584     alarms.obj (.const:.string)
                  0000e968    0000027c     report.obj (.const:pin_names)
                  0000ebe4    00000200     ngc_params.obj (.const:.string)
                  0000ede4    000001c2     ngc_params.obj (.const:ngc_named_ro_param)
                  0000efa6    00000186     system.obj (.const:sys_commands)
                  0000f12c    00000154     settings.obj (.const:defaults)
                  0000f280    0000014a     errors.obj (.const:status_detail)
                  0000f3ca    00000108     rts430x_lc_rd_eabi.lib : k_rem_pio2.c.obj (.const:ipio2)
                  0000f4d2    000000a8     ngc_params.obj (.const:ngc_ro_params)
                  0000f57a    00000098     settings.obj (.const:setting_group_detail)
                  0000f612    00000096     tool_change.obj (.const:.string)
                  0000f6a8    00000066     alarms.obj (.const:alarm_detail)
                  0000f70e    00000066     report.obj (.const:messages)
                  0000f774    00000044     serial.obj (.const:stream$1)
                  0000f7b8    00000044     stream.obj (.const:stream$3)
                  0000f7fc    00000044     nvs_buffer.obj (.const:target)
                  0000f840    00000040     rts430x_lc_rd_eabi.lib : k_rem_pio2.c.obj (.const:PIo2)
                  0000f880    00000030                            : s_tanf.c.obj (.const:T)
                  0000f8b0    0000002e     tool_change.obj (.const:$P$T29$1)
                  0000f8de    0000002e     limits.obj (.const:$P$T29$2)
                  0000f90c    0000002e     tool_change.obj (.const:$P$T30$2)
                  0000f93a    0000002e     tool_change.obj (.const:$P$T36$6)
                  0000f968    0000002e     tool_change.obj (.const:$P$T38$8)
                  0000f996    0000002c     nuts_bolts.obj (.const:froundvalues)
                  0000f9c2    00000020     grbllib.obj (.const:.string)
                  0000f9e2    00000020     nvs_buffer.obj (.const:.string)
                  0000fa02    00000014     driver.obj (.const:.string)
                  0000fa16    00000014     rts430x_lc_rd_eabi.lib : s_atanf.c.obj (.const:aT)
                  0000fa2a    00000010                            : s_atanf.c.obj (.const:atanhi)
                  0000fa3a    00000010                            : s_atanf.c.obj (.const:atanlo)
                  0000fa4a    0000000c     limits.obj (.const:$P$T28$1)
                  0000fa56    0000000c     nuts_bolts.obj (.const:axis_letter)
                  0000fa62    0000000c     report.obj (.const:report_fns)
                  0000fa6e    0000000a     system.obj (.const:$P$T28$1)
                  0000fa78    00000008     rts430x_lc_rd_eabi.lib : e_powf.c.obj (.const:bp)
                  0000fa80    00000008                            : e_powf.c.obj (.const:dp_h)
                  0000fa88    00000008                            : e_powf.c.obj (.const:dp_l)
                  0000fa90    00000008                            : k_rem_pio2.c.obj (.const:init_jk)
                  0000fa98    00000008     stream.obj (.const:null_stream)
                  0000faa0    00000006     gcode.obj (.const:.string)
                  0000faa6    00000006     nuts_bolts.obj (.const:.string)
                  0000faac    00000004     driver.obj (.const:$P$T24$1)
                  0000fab0    00000004     gcode.obj (.const:$P$T33$11)
                  0000fab4    00000004     protocol.obj (.const:.string)
                  0000fab8    00000004     gcode.obj (.const:axis_words_mask$2)
                  0000fabc    00000004     gcode.obj (.const:ij_words$4)
                  0000fac0    00000004     gcode.obj (.const:jog_groups$6)
                  0000fac4    00000004     gcode.obj (.const:positive_only_words$5)
                  0000fac8    00000004     gcode.obj (.const:pq_words$3)
                  0000facc    00000002     tool_change.obj (.const:$P$T31$3)
                  0000face    00000002     gcode.obj (.const:$P$T32$10)
                  0000fad0    00000002     gcode.obj (.const:$P$T34$12)
                  0000fad2    00000002     tool_change.obj (.const:$P$T37$7)
                  0000fad4    00000002     report.obj (.const:.string:vbar)
                  0000fad6    00000001     driver.obj (.const:$P$T26$2)
                  0000fad7    00000001     spindle_control.obj (.const:$P$T27$1)
                  0000fad8    00000001     report.obj (.const:$P$T27$2)
                  0000fad9    00000001     gcode.obj (.const:$P$T28$1)
                  0000fada    00000001     settings.obj (.const:$P$T28$1)
                  0000fadb    00000001     grbllib.obj (.const:$P$T29$1)
                  0000fadc    00000001     motion_control.obj (.const:$P$T29$1)
                  0000fadd    00000001     state_machine.obj (.const:$P$T29$1)
                  0000fade    00000001     stepper.obj (.const:$P$T29$1)
                  0000fadf    00000001     driver.obj (.const:$P$T29$3)
                  0000fae0    00000001     protocol.obj (.const:$P$T30$1)
                  0000fae1    00000001     system.obj (.const:$P$T30$2)
                  0000fae2    00000001     driver.obj (.const:$P$T30$4)
                  0000fae3    00000001     motion_control.obj (.const:$P$T31$2)
                  0000fae4    00000001     protocol.obj (.const:$P$T31$2)
                  0000fae5    00000001     limits.obj (.const:$P$T31$3)
                  0000fae6    00000001     driver.obj (.const:$P$T31$5)
                  0000fae7    00000001     gcode.obj (.const:$P$T31$9)
                  0000fae8    00000001     state_machine.obj (.const:$P$T32$2)
                  0000fae9    00000001     stepper.obj (.const:$P$T32$2)
                  0000faea    00000001     protocol.obj (.const:$P$T32$3)
                  0000faeb    00000001     system.obj (.const:$P$T32$3)
                  0000faec    00000001     driver.obj (.const:$P$T32$6)
                  0000faed    00000001     state_machine.obj (.const:$P$T33$3)
                  0000faee    00000001     stepper.obj (.const:$P$T33$3)
                  0000faef    00000001     limits.obj (.const:$P$T33$4)
                  0000faf0    00000001     driver.obj (.const:$P$T33$7)
                  0000faf1    00000001     system.obj (.const:$P$T34$4)
                  0000faf2    00000001     tool_change.obj (.const:$P$T34$4)
                  0000faf3    00000001     protocol.obj (.const:$P$T35$4)
                  0000faf4    00000001     limits.obj (.const:$P$T35$5)
                  0000faf5    00000001     tool_change.obj (.const:$P$T35$5)
                  0000faf6    00000001     state_machine.obj (.const:$P$T36$4)
                  0000faf7    00000001     protocol.obj (.const:$P$T36$5)
                  0000faf8    00000001     system.obj (.const:$P$T36$5)
                  0000faf9    00000001     driver.obj (.const:$P$T36$8)
                  0000fafa    00000001     state_machine.obj (.const:$P$T37$5)
                  0000fafb    00000001     limits.obj (.const:$P$T37$6)
                  0000fafc    00000001     system.obj (.const:$P$T37$6)
                  0000fafd    00000001     driver.obj (.const:$P$T37$9)
                  0000fafe    00000001     gcode.obj (.const:$P$T38$14)
                  0000faff    00000001     gcode.obj (.const:$P$T39$15)
                  0000fb00    00000001     protocol.obj (.const:$P$T39$6)
                  0000fb01    00000001     limits.obj (.const:$P$T39$7)
                  0000fb02    00000001     state_machine.obj (.const:$P$T40$6)
                  0000fb03    00000001     protocol.obj (.const:$P$T40$7)
                  0000fb04    00000001     limits.obj (.const:$P$T40$8)
                  0000fb05    00000001     state_machine.obj (.const:$P$T41$7)
                  0000fb06    00000001     limits.obj (.const:$P$T41$9)
                  0000fb07    00000001     limits.obj (.const:$P$T43$10)
                  0000fb08    00000001     settings.obj (.const:settings_all)

RTC        0    0000ffd2    00000002     
                  0000ffd2    00000002     rts430x_lc_rd_eabi.lib : int41.asm.obj (.int41)

PORT2      0    0000ffd4    00000002     
                  0000ffd4    00000002     driver.obj (.int42)

TIMER2_A1 
*          0    0000ffd6    00000002     
                  0000ffd6    00000002     rts430x_lc_rd_eabi.lib : int43.asm.obj (.int43)

TIMER2_A0 
*          0    0000ffd8    00000002     
                  0000ffd8    00000002     driver.obj (.int44)

USCI_B1    0    0000ffda    00000002     
                  0000ffda    00000002     rts430x_lc_rd_eabi.lib : int45.asm.obj (.int45)

USCI_A1    0    0000ffdc    00000002     
                  0000ffdc    00000002     serial.obj (.int46)

PORT1      0    0000ffde    00000002     
                  0000ffde    00000002     driver.obj (.int47)

TIMER1_A1 
*          0    0000ffe0    00000002     
                  0000ffe0    00000002     rts430x_lc_rd_eabi.lib : int48.asm.obj (.int48)

TIMER1_A0 
*          0    0000ffe2    00000002     
                  0000ffe2    00000002     rts430x_lc_rd_eabi.lib : int49.asm.obj (.int49)

DMA        0    0000ffe4    00000002     
                  0000ffe4    00000002     rts430x_lc_rd_eabi.lib : int50.asm.obj (.int50)

USB_UBM    0    0000ffe6    00000002     
                  0000ffe6    00000002     rts430x_lc_rd_eabi.lib : int51.asm.obj (.int51)

TIMER0_A1 
*          0    0000ffe8    00000002     
                  0000ffe8    00000002     driver.obj (.int52)

TIMER0_A0 
*          0    0000ffea    00000002     
                  0000ffea    00000002     driver.obj (.int53)

ADC12      0    0000ffec    00000002     
                  0000ffec    00000002     rts430x_lc_rd_eabi.lib : int54.asm.obj (.int54)

USCI_B0    0    0000ffee    00000002     
                  0000ffee    00000002     rts430x_lc_rd_eabi.lib : int55.asm.obj (.int55)

USCI_A0    0    0000fff0    00000002     
                  0000fff0    00000002     rts430x_lc_rd_eabi.lib : int56.asm.obj (.int56)

WDT        0    0000fff2    00000002     
                  0000fff2    00000002     driver.obj (.int57)

TIMER0_B1 
*          0    0000fff4    00000002     
                  0000fff4    00000002     rts430x_lc_rd_eabi.lib : int58.asm.obj (.int58)

TIMER0_B0 
*          0    0000fff6    00000002     
                  0000fff6    00000002     driver.obj (.int59)

COMP_B     0    0000fff8    00000002     
                  0000fff8    00000002     rts430x_lc_rd_eabi.lib : int60.asm.obj (.int60)

UNMI       0    0000fffa    00000002     
                  0000fffa    00000002     rts430x_lc_rd_eabi.lib : int61.asm.obj (.int61)

SYSNMI     0    0000fffc    00000002     
                  0000fffc    00000002     rts430x_lc_rd_eabi.lib : int62.asm.obj (.int62)

.reset     0    0000fffe    00000002     
                  0000fffe    00000002     rts430x_lc_rd_eabi.lib : boot.c.obj (.reset)

.text.1    0    000045fe    00006afe     
                  000045fe    000000e4     rts430x_lc_rd_eabi.lib : s_scalbnf.c.obj (.text:scalbnf)
                  000046e2    000000e2                            : memory.c.obj (.text:free)
                  000047c4    000000e2     limits.obj (.text:limits_set_machine_positions)
                  000048a6    000000e0     gcode.obj (.text:gc_set_tool_offset)
                  00004986    000000e0     state_machine.obj (.text:initiate_hold)
                  00004a66    000000de     report.obj (.text:get_axis_values_mm)
                  00004b44    000000de     rts430x_lc_rd_eabi.lib : setvbuf.c.obj (.text:setvbuf)
                  00004c22    000000dc                            : s_floorf.c.obj (.text:floorf)
                  00004cfe    000000dc     limits.obj (.text:limits_go_home)
                  00004dda    000000d8     rts430x_lc_rd_eabi.lib : cmpd.c.obj (.text:__mspabi_cmpd)
                  00004eb2    000000d8     ngc_params.obj (.text:ngc_named_param_get)
                  00004f8a    000000ce     system.obj (.text:control_interrupt_handler)
                  00005058    000000ca     settings.obj (.text:get_float)
                  00005122    000000ca     state_machine.obj (.text:state_await_waypoint_retract)
                  000051ec    000000c8     report.obj (.text:report_setting_group_details)
                  000052b4    000000c8     spindle_control.obj (.text:spindle_sync)
                  0000537c    000000c6     report.obj (.text:report_alarm_details)
                  00005442    000000c6     report.obj (.text:report_bitfield)
                  00005508    000000c6     report.obj (.text:report_error_details)
                  000055ce    000000c4     report.obj (.text:report_group_settings)
                  00005692    000000c4     spindle_control.obj (.text:spindle_restore)
                  00005756    000000c2     planner.obj (.text:plan_compute_profile_nominal_speed)
                  00005818    000000ba     gcode.obj (.text:init_sync_motion)
                  000058d2    000000b8     rts430x_lc_rd_eabi.lib : fs_mpy.asm.obj (.text)
                  0000598a    000000b2                            : cvtdf.c.obj (.text:__mspabi_cvtdf)
                  00005a3c    000000b2                            : s_truncf.c.obj (.text:truncf)
                  00005aee    000000b0     system.obj (.text:system_xy_at_fixture)
                  00005b9e    000000ae     settings.obj (.text:set_homing_enable)
                  00005c4c    000000ae     spindle_control.obj (.text:spindle_compute_pwm_value)
                  00005cfa    000000ae     state_machine.obj (.text:state_restore)
                  00005da8    000000aa     motion_control.obj (.text:mc_reset)
                  00005e52    000000a8     nvs_buffer.obj (.text:memcpy_from_ram)
                  00005efa    000000a6     nuts_bolts.obj (.text:convert_delta_vector_to_unit_vector)
                  00005fa0    000000a6     system.obj (.text:disable_lock)
                  00006046    000000a6     rts430x_lc_rd_eabi.lib : s_roundf.c.obj (.text:roundf)
                  000060ec    000000a4     protocol.obj (.text:recheck_line)
                  00006190    000000a2     settings.obj (.text:validate_value)
                  00006232    0000009e     rts430x_lc_rd_eabi.lib : fltlid.c.obj (.text:__mspabi_fltlid)
                  000062d0    0000009c     driver.obj (.text:limitsGetState)
                  0000636c    0000009c     report.obj (.text:report_spindle_data)
                  00006408    0000009a     rts430x_lc_rd_eabi.lib : hostlseek.c.obj (.text:HOSTlseek)
                  000064a2    00000094     state_machine.obj (.text:state_suspend_manager)
                  00006536    00000094     tool_change.obj (.text:tc_init)
                  000065ca    00000092     planner.obj (.text:plan_update_velocity_profile_parameters)
                  0000665c    00000090     report.obj (.text:map_coord_system)
                  000066ec    00000090     ngc_params.obj (.text:ngc_param_get)
                  0000677c    00000090     rts430x_lc_rd_eabi.lib : fs_div.asm.obj (.text)
                  0000680c    0000008e     motion_control.obj (.text:mc_line)
                  0000689a    0000008e     settings.obj (.text:read_global_settings)
                  00006928    0000008c     motion_control.obj (.text:mc_jog_execute)
                  000069b4    0000008c     driver.obj (.text:spindle_set_speed)
                  00006a40    0000008c     spindle_control.obj (.text:spindle_set_state)
                  00006acc    0000008c     driver.obj (.text:stepperCyclesPerTickPrescaled)
                  00006b58    0000008a     spindle_control.obj (.text:spindle_set_rpm)
                  00006be2    0000008a     stepper.obj (.text:st_parking_restore_buffer)
                  00006c6c    00000088     driver.obj (.text:systemGetState)
                  00006cf4    00000086     report.obj (.text:print_alarm)
                  00006d7a    00000086     report.obj (.text:print_error)
                  00006e00    00000086     report.obj (.text:print_setting_group)
                  00006e86    00000084     settings.obj (.text:setting_remove_elements)
                  00006f0a    0000007e     rts430x_lc_rd_eabi.lib : _io_perm.c.obj (.text:__TI_wrt_ok)
                  00006f88    0000007e     protocol.obj (.text:protocol_enqueue_gcode)
                  00007006    0000007e     rts430x_lc_rd_eabi.lib : fs_tol.asm.obj (.text)
                  00007084    0000007a     settings.obj (.text:settings_read_coord_data)
                  000070fe    00000078     tool_change.obj (.text:change_completed)
                  00007176    00000076     rts430x_lc_rd_eabi.lib : copy_decompress_lzss.c.obj (.text:decompress:lzss:__TI_decompress_lzss)
                  000071ec    00000074                            : hostrename.c.obj (.text:HOSTrename)
                  00007260    00000074                            : fclose.c.obj (.text:__TI_closefile)
                  000072d4    00000074     driver.obj (.text:driver_delay_ms)
                  00007348    00000074     rts430x_lc_rd_eabi.lib : memory.c.obj (.text:split)
                  000073bc    00000070                            : hostopen.c.obj (.text:HOSTopen)
                  0000742c    00000070     grbllib.obj (.text:report_driver_error)
                  0000749c    0000006e     system.obj (.text:settings_reset)
                  0000750a    0000006c     rts430x_lc_rd_eabi.lib : hostwrite.c.obj (.text:HOSTwrite)
                  00007576    0000006a                            : hostread.c.obj (.text:HOSTread)
                  000075e0    0000006a                            : fseek.c.obj (.text:fseeko)
                  0000764a    0000006a     planner.obj (.text:plan_discard_current_block)
                  000076b4    0000006a     settings.obj (.text:settings_read_startup_line)
                  0000771e    0000006a     driver.obj (.text:spindleSetStateVariable)
                  00007788    00000068     settings.obj (.text:remove_element)
                  000077f0    00000068     rts430x_lc_rd_eabi.lib : fs_toi.asm.obj (.text)
                  00007858    00000066                            : fixdli.c.obj (.text:__mspabi_fixdli)
                  000078be    00000066     ngc_params.obj (.text:coord_system_offset)
                  00007924    00000066     system.obj (.text:read_int)
                  0000798a    00000066     tool_change.obj (.text:reset)
                  000079f0    00000066     driver.obj (.text:spindleGetState)
                  00007a56    00000064     rts430x_lc_rd_eabi.lib : fflush.c.obj (.text:__TI_doflush)
                  00007aba    00000064                            : cvtfd.c.obj (.text:__mspabi_cvtfd)
                  00007b1e    00000064     driver.obj (.text:stepperPulseStartDelayed)
                  00007b82    00000064     nuts_bolts.obj (.text:uitoa)
                  00007be6    00000062     ngc_params.obj (.text:_relative_pos)
                  00007c48    00000062     regex.obj (.text:matchhere)
                  00007caa    00000062     gcode.obj (.text:set_scaling)
                  00007d0c    00000062     state_machine.obj (.text:state_cycle)
                  00007d6e    00000062     tool_change.obj (.text:tc_clear_tlo_reference)
                  00007dd0    00000060     main.obj (.text:main)
                  00007e30    00000060     report.obj (.text:report_pin)
                  00007e90    00000060     report.obj (.text:report_setting)
                  00007ef0    0000005e     driver.obj (.text:probeGetState)
                  00007f4e    0000005e     report.obj (.text:report_ngc_parameter)
                  00007fac    0000005e     settings.obj (.text:settings_get_axis_base)
                  0000800a    0000005e     stepper.obj (.text:st_go_idle)
                  00008068    0000005e     stepper.obj (.text:st_parking_setup_buffer)
                  000080c6    0000005e     tool_change.obj (.text:trap_stream_cycle_start)
                  00008124    0000005c     rts430x_lc_rd_eabi.lib : mult64_f5hw.asm.obj (.text:__mpyll)
                  00008180    0000005c     report.obj (.text:report_feedback_message)
                  000081dc    0000005c     tool_change.obj (.text:trap_control_cycle_start)
                  00008238    0000005a     rts430x_lc_rd_eabi.lib : close.c.obj (.text:close)
                  00008292    0000005a                            : getdevice.c.obj (.text:getdevice)
                  000082ec    00000058                            : fflush.c.obj (.text:fflush)
                  00008344    00000058     report.obj (.text:report_named_ngc_parameter)
                  0000839c    00000058     rts430x_lc_rd_eabi.lib : div32u.asm.obj (.text)
                  000083f4    00000058     serial.obj (.text:serialGetC)
                  0000844c    00000058     settings.obj (.text:set_mode)
                  000084a4    00000058     system.obj (.text:set_startup_line)
                  000084fc    00000058     sleep.obj (.text:sleep_execute)
                  00008554    00000056     state_machine.obj (.text:state_restore_conditions)
                  000085aa    00000054     rts430x_lc_rd_eabi.lib : autoinit.c.obj (.text:__TI_auto_init_nobinit_nopinit_hold_wdt:__TI_auto_init_nobinit_nopinit_hold_wdt)
                  000085fe    00000054     driver.obj (.text:coolantGetState)
                  00008652    00000054     system.obj (.text:set_tool_reference)
                  000086a6    00000054     settings.obj (.text:settings_write_coord_data)
                  000086fa    00000054     settings.obj (.text:settings_write_startup_line)
                  0000874e    00000054     rts430x_lc_rd_eabi.lib : strtok.c.obj (.text:strtok)
                  000087a2    00000054     system.obj (.text:system_raise_alarm)
                  000087f6    00000052     tool_change.obj (.text:on_probe_completed)
                  00008848    00000052     spindle_control.obj (.text:spindle_set_override)
                  0000889a    0000004e     rts430x_lc_rd_eabi.lib : hostclose.c.obj (.text:HOSTclose)
                  000088e8    0000004e     protocol.obj (.text:protocol_exec_rt_suspend)
                  00008936    0000004c     system.obj (.text:build_info)
                  00008982    0000004c     rts430x_lc_rd_eabi.lib : fs_toul.asm.obj (.text)
                  000089ce    0000004c     system.obj (.text:system_convert_array_steps_to_mpos)
                  00008a1a    0000004c     system.obj (.text:system_execute_startup)
                  00008a66    0000004a     nuts_bolts.obj (.text:delay_sec)
                  00008ab0    0000004a     rts430x_lc_rd_eabi.lib : exit.c.obj (.text:exit)
                  00008afa    0000004a     system.obj (.text:output_all_settings)
                  00008b44    0000004a     system.obj (.text:output_settings)
                  00008b8e    0000004a     rts430x_lc_rd_eabi.lib : fs_cmp.asm.obj (.text)
                  00008bd8    0000004a                            : fs_ltof.asm.obj (.text)
                  00008c22    0000004a     state_machine.obj (.text:state_idle)
                  00008c6c    00000048     system.obj (.text:output_startup_lines)
                  00008cb4    00000048     planner.obj (.text:plan_feed_override)
                  00008cfc    00000048     protocol.obj (.text:protocol_execute_realtime)
                  00008d44    00000048     report.obj (.text:report_current_limit_state)
                  00008d8c    00000048     report.obj (.text:report_startup_line)
                  00008dd4    00000048     report.obj (.text:report_status_message)
                  00008e1c    00000048     state_machine.obj (.text:state_await_toolchanged)
                  00008e64    00000046     rts430x_lc_rd_eabi.lib : hostunlink.c.obj (.text:HOSTunlink)
                  00008eaa    00000046                            : memory.c.obj (.text:calloc)
                  00008ef0    00000046     nuts_bolts.obj (.text:isintf)
                  00008f36    00000046     report.obj (.text:report_alarm_message)
                  00008f7c    00000046     report.obj (.text:report_probe_parameters)
                  00008fc2    00000046     rts430x_lc_rd_eabi.lib : fs_tou.asm.obj (.text)
                  00009008    00000046     state_machine.obj (.text:state_await_motion_cancel)
                  0000904e    00000044     gcode.obj (.text:add_output_command)
                  00009092    00000044     ngc_params.obj (.text:g28_home)
                  000090d6    00000044     ngc_params.obj (.text:g30_home)
                  0000911a    00000044     protocol.obj (.text:protocol_execute_rt_commands)
                  0000915e    00000044     sleep.obj (.text:sleep_check)
                  000091a2    00000044     driver.obj (.text:stepperEnable)
                  000091e6    00000042     report.obj (.text:appendbuf)
                  00009228    00000042     limits.obj (.text:limits_soft_check)
                  0000926a    00000042     system.obj (.text:output_ngc_parameters)
                  000092ac    00000040     rts430x_lc_rd_eabi.lib : asr64.c.obj (.text:__mspabi_srall)
                  000092ec    00000040     serial.obj (.text:serialPutC)
                  0000932c    00000040     settings.obj (.text:settings_read_build_info)
                  0000936c    00000040     driver.obj (.text:stepperPulseStart)
                  000093ac    0000003e     gcode.obj (.text:gc_get_g51_state)
                  000093ea    0000003e     report.obj (.text:get_pinname)
                  00009428    0000003e     limits.obj (.text:homing_signals_select)
                  00009466    0000003e     rts430x_lc_rd_eabi.lib : asr32.asm.obj (.text:l_asr_const)
                  000094a4    0000003e                            : lsl32.asm.obj (.text:l_lsl_const)
                  000094e2    0000003e                            : lsr32.asm.obj (.text:l_lsr_const)
                  00009520    0000003e     limits.obj (.text:limit_interrupt_handler)
                  0000955e    0000003e     rts430x_lc_rd_eabi.lib : lseek.c.obj (.text:lseek)
                  0000959c    0000003e     report.obj (.text:report_init)
                  000095da    0000003c     nvs_buffer.obj (.text:ram_put_byte)
                  00009616    0000003c     driver.obj (.text:spindleSetState)
                  00009652    0000003c     driver.obj (.text:stepperGoIdle)
                  0000968e    0000003c     settings.obj (.text:strnumentries)
                  000096ca    0000003c     rts430x_lc_rd_eabi.lib : write.c.obj (.text:write)
                  00009706    0000003a                            : lsl64.c.obj (.text:__mspabi_sllll)
                  00009740    0000003a                            : lsr64.c.obj (.text:__mspabi_srlll)
                  0000977a    0000003a     limits.obj (.text:limits_homing_required)
                  000097b4    0000003a     report.obj (.text:print_unsorted)
                  000097ee    0000003a     protocol.obj (.text:protocol_enqueue_rt_command)
                  00009828    0000003a     report.obj (.text:report_message)
                  00009862    0000003a     report.obj (.text:report_settings_details)
                  0000989c    0000003a     state_machine.obj (.text:restart_retract)
                  000098d6    00000038     planner.obj (.text:plan_get_block_buffer_available)
                  0000990e    00000038     settings.obj (.text:set_hard_limits_enable)
                  00009946    00000036     rts430x_lc_rd_eabi.lib : fopen.c.obj (.text:__TI_cleanup)
                  0000997c    00000036                            : trgmsg.c.obj (.text:__TI_writemsg)
                  000099b2    00000036     gcode.obj (.text:gc_get_block_offset)
                  000099e8    00000036     rts430x_lc_rd_eabi.lib : fs_itof.asm.obj (.text)
                  00009a1e    00000036     state_machine.obj (.text:state_await_resumed)
                  00009a54    00000036     system.obj (.text:toggle_block_delete)
                  00009a8a    00000036     system.obj (.text:toggle_optional_stop)
                  00009ac0    00000034     nvs_buffer.obj (.text:nvs_buffer_alloc)
                  00009af4    00000034     report.obj (.text:print_setting)
                  00009b28    00000034     report.obj (.text:report_home_position)
                  00009b5c    00000034     driver.obj (.text:spindle_dir)
                  00009b90    00000032     rts430x_lc_rd_eabi.lib : trgmsg.c.obj (.text:__TI_readmsg)
                  00009bc2    00000032                            : subd.c.obj (.text:__mspabi_subd)
                  00009bf4    00000032     gcode.obj (.text:gc_get_offset)
                  00009c26    00000032     gcode.obj (.text:gc_get_plane_data)
                  00009c58    00000032     gcode.obj (.text:hypot_f)
                  00009c8a    00000032     rts430x_lc_rd_eabi.lib : fs_ultof.asm.obj (.text)
                  00009cbc    00000032     ngc_params.obj (.text:scaling_factors)
                  00009cee    00000032     settings.obj (.text:settings_write_global)
                  00009d20    00000032     rts430x_lc_rd_eabi.lib : strncpy.c.obj (.text:strncpy)
                  00009d52    00000030     tool_change.obj (.text:execute_restore)
                  00009d82    00000030     system.obj (.text:jog)
                  00009db2    00000030     regex.obj (.text:matchstar)
                  00009de2    00000030     motion_control.obj (.text:mc_parking_motion)
                  00009e12    00000030     settings.obj (.text:set_hold_actions)
                  00009e42    00000030     settings.obj (.text:set_jog_soft_limited)
                  00009e72    00000030     settings.obj (.text:set_probe_invert)
                  00009ea2    00000030     stepper.obj (.text:st_update_plan_block_parameters)
                  00009ed2    00000030     rts430x_lc_rd_eabi.lib : unlink.c.obj (.text:unlink)
                  00009f02    0000002e                            : negd.c.obj (.text:__mspabi_negd)
                  00009f30    0000002e                            : s_copysign.c.obj (.text:copysign)
                  00009f5e    0000002e                            : getdevice.c.obj (.text:finddevice)
                  00009f8c    0000002e     limits.obj (.text:limit_signals_merge)
                  00009fba    0000002e     serial.obj (.text:serialInit)
                  00009fe8    0000002e     settings.obj (.text:set_soft_limits_enable)
                  0000a016    0000002e     settings.obj (.text:set_tool_change_mode)
                  0000a044    0000002e     driver.obj (.text:stepperCyclesPerTick)
                  0000a072    0000002c     rts430x_lc_rd_eabi.lib : mult3264_f5hw.asm.obj (.text:__mpyull)
                  0000a09e    0000002c     coolant_control.obj (.text:coolant_sync)
                  0000a0ca    0000002c     rts430x_lc_rd_eabi.lib : memory.c.obj (.text:free_list_insert)
                  0000a0f6    0000002c     settings.obj (.text:restore_override_backup)
                  0000a122    0000002c     rts430x_lc_rd_eabi.lib : div16s.asm.obj (.text)
                  0000a14e    0000002c     settings.obj (.text:set_ganged_dir_invert)
                  0000a17a    0000002c     settings.obj (.text:set_probe_disable_pullup)
                  0000a1a6    0000002c     rts430x_lc_rd_eabi.lib : strcspn.c.obj (.text:strcspn)
                  0000a1d2    0000002a     driver.obj (.text:bitsClearAtomic)
                  0000a1fc    0000002a     system.obj (.text:check_mode)
                  0000a226    0000002a     system.obj (.text:enter_sleep)
                  0000a250    0000002a     rts430x_lc_rd_eabi.lib : memory.c.obj (.text:free_list_remove)
                  0000a27a    0000002a     report.obj (.text:get_axis_value_inches)
                  0000a2a4    0000002a     settings.obj (.text:set_spindle_invert)
                  0000a2ce    0000002a     driver.obj (.text:set_step_outputs)
                  0000a2f8    0000002a     rts430x_lc_rd_eabi.lib : strspn.c.obj (.text:strspn)
                  0000a322    0000002a     system.obj (.text:toggle_single_block)
                  0000a34c    0000002a     driver.obj (.text:valueSetAtomic)
                  0000a376    0000002a     report.obj (.text:write_quoted)
                  0000a3a0    00000028     gcode.obj (.text:gc_spindle_off)
                  0000a3c8    00000028     driver.obj (.text:limitsEnable)
                  0000a3f0    00000028     driver.obj (.text:probeConfigure)
                  0000a418    00000028     report.obj (.text:report_grbl_setting)
                  0000a440    00000028     driver.obj (.text:set_dir_outputs)
                  0000a468    00000028     settings.obj (.text:settings_write_build_info)
                  0000a490    00000028     state_machine.obj (.text:state_update)
                  0000a4b8    00000026     ngc_params.obj (.text:probe_coord)
                  0000a4de    00000026     protocol.obj (.text:protocol_buffer_synchronize)
                  0000a504    00000026     report.obj (.text:report_execute_startup_message)
                  0000a52a    00000026     settings.obj (.text:setting_remove_element)
                  0000a550    00000026     ngc_params.obj (.text:work_position)
                  0000a576    00000024     nuts_bolts.obj (.text:calc_checksum)
                  0000a59a    00000024     coolant_control.obj (.text:coolant_set_state)
                  0000a5be    00000024     rts430x_lc_rd_eabi.lib : copy_zero_init.c.obj (.text:decompress:ZI:__TI_zero_init)
                  0000a5e2    00000024                            : fs_utof.asm.obj (.text)
                  0000a606    00000024                            : mult32_f5hw.asm.obj (.text)
                  0000a62a    00000024     state_machine.obj (.text:state_await_restart_retract)
                  0000a64e    00000022     gcode.obj (.text:__isnanf)
                  0000a670    00000022     driver.obj (.text:bitsSetAtomic)
                  0000a692    00000022     driver.obj (.text:coolantSetState)
                  0000a6b4    00000022     system.obj (.text:enumerate_all)
                  0000a6d6    00000022     ngc_params.obj (.text:g92_offset)
                  0000a6f8    00000022     stepper.obj (.text:output_message)
                  0000a71a    00000022     serial.obj (.text:serialRxCancel)
                  0000a73c    00000022     settings.obj (.text:set_enable_legacy_rt_commands)
                  0000a75e    00000022     settings.obj (.text:set_force_initialization_alarm)
                  0000a780    00000022     settings.obj (.text:set_probe_allow_feed_override)
                  0000a7a2    00000022     settings.obj (.text:set_report_inches)
                  0000a7c4    00000022     driver.obj (.text:spindleGetPWM)
                  0000a7e6    00000022     driver.obj (.text:stepperWakeUp)
                  0000a808    00000020     override.obj (.text:get_accessory_override)
                  0000a828    00000020     report.obj (.text:get_axis_value_mm)
                  0000a848    00000020     override.obj (.text:get_feed_override)
                  0000a868    00000020     motion_control.obj (.text:mc_dwell)
                  0000a888    00000020     planner.obj (.text:plan_get_exec_block_exit_speed_sqr)
                  0000a8a8    00000020     settings.obj (.text:set_sleep_enable)
                  0000a8c8    00000020     settings.obj (.text:set_tool_change_probing_distance)
                  0000a8e8    0000001e     report.obj (.text:cmp_setting_group_name)
                  0000a906    0000001e     override.obj (.text:enqueue_accessory_override)
                  0000a924    0000001e     override.obj (.text:enqueue_feed_override)
                  0000a942    0000001e     gcode.obj (.text:memcmp)
                  0000a960    0000001e     tool_change.obj (.text:on_toolchange_ack)
                  0000a97e    0000001e     report.obj (.text:print_sorted)
                  0000a99c    0000001e     report.obj (.text:report_tool_offsets)
                  0000a9ba    0000001e     serial.obj (.text:serialRxFree)
                  0000a9d8    0000001e     settings.obj (.text:set_g92_disable_persistence)
                  0000a9f6    0000001e     system.obj (.text:spindle_reset_data)
                  0000aa14    0000001e     stream.obj (.text:stream_enqueue_realtime_command)
                  0000aa32    0000001e     ngc_params.obj (.text:tool_offset)
                  0000aa50    0000001c     limits.obj (.text:limits_set_homing_axes)
                  0000aa6c    0000001c     gcode.obj (.text:motion_is_lasercut)
                  0000aa88    0000001c     settings.obj (.text:setting_is_list)
                  0000aaa4    0000001c     stepper.obj (.text:st_get_realtime_rate)
                  0000aac0    0000001c     rts430x_lc_rd_eabi.lib : strchr.c.obj (.text:strchr)
                  0000aadc    0000001c                            : strcmp.c.obj (.text:strcmp)
                  0000aaf8    0000001a                            : assert.c.obj (.text:_abort_msg)
                  0000ab12    0000001a     system.obj (.text:output_all_build_info)
                  0000ab2c    0000001a     stream.obj (.text:stream_tx_blocking)
                  0000ab46    0000001a     tool_change.obj (.text:tool_select)
                  0000ab60    00000018     ngc_params.obj (.text:probe_result)
                  0000ab78    00000018     rts430x_lc_rd_eabi.lib : mult16_f5hw.asm.obj (.text)
                  0000ab90    00000016     report.obj (.text:get_rate_value_inch)
                  0000aba6    00000016     rts430x_lc_rd_eabi.lib : memory.c.obj (.text:heap_start)
                  0000abbc    00000016     system.obj (.text:home)
                  0000abd2    00000016     system.obj (.text:home_x)
                  0000abe8    00000016     system.obj (.text:home_y)
                  0000abfe    00000016     system.obj (.text:home_z)
                  0000ac14    00000016     motion_control.obj (.text:mc_override_ctrl_update)
                  0000ac2a    00000016     rts430x_lc_rd_eabi.lib : memchr.c.obj (.text:memchr)
                  0000ac40    00000016                            : memset.c.obj (.text:memset)
                  0000ac56    00000016     nvs_buffer.obj (.text:nvs_buffer_free)
                  0000ac6c    00000016     report.obj (.text:report_pins)
                  0000ac82    00000016     rts430x_lc_rd_eabi.lib : div16u.asm.obj (.text)
                  0000ac98    00000014     gcode.obj (.text:gc_coolant_off)
                  0000acac    00000014     rts430x_lc_rd_eabi.lib : memcpy.c.obj (.text:memcpy)
                  0000acc0    00000014     planner.obj (.text:plan_get_current_block)
                  0000acd4    00000014     protocol.obj (.text:protocol_auto_cycle_start)
                  0000ace8    00000014     report.obj (.text:report_init_message)
                  0000acfc    00000014     stepper.obj (.text:st_deenergize)
                  0000ad10    00000012     rts430x_lc_rd_eabi.lib : s_copysignf.c.obj (.text:copysignf)
                  0000ad22    00000012                            : copy_decompress_none.c.obj (.text:decompress:none:__TI_decompress_none)
                  0000ad34    00000012     override.obj (.text:flush_override_buffers)
                  0000ad46    00000012     gcode.obj (.text:memset)
                  0000ad58    00000012     nvs_buffer.obj (.text:nvs_buffer_get_physical)
                  0000ad6a    00000012     planner.obj (.text:plan_cycle_reinitialize)
                  0000ad7c    00000012     planner.obj (.text:plan_sync_position)
                  0000ad8e    00000012     report.obj (.text:report_init_fns)
                  0000ada0    00000012     settings.obj (.text:settings_normalize_group)
                  0000adb2    00000012     driver.obj (.text:spindle_off)
                  0000adc4    00000012     driver.obj (.text:spindle_on)
                  0000add6    00000012     state_machine.obj (.text:state_door_reopened)
                  0000ade8    00000012     rts430x_lc_rd_eabi.lib : strcpy.c.obj (.text:strcpy)
                  0000adfa    00000012     ngc_params.obj (.text:tool_number)
                  0000ae0c    00000010     system.obj (.text:enumerate_settings_halformatted)
                  0000ae1c    00000010     rts430x_lc_rd_eabi.lib : asr32.asm.obj (.text:l_asr)
                  0000ae2c    00000010                            : lsl32.asm.obj (.text:l_lsl)
                  0000ae3c    00000010                            : lsr32.asm.obj (.text:l_lsr)
                  0000ae4c    00000010     stream.obj (.text:null_set_rt_handler)
                  0000ae5c    00000010     planner.obj (.text:plan_check_full_buffer)
                  0000ae6c    00000010     serial.obj (.text:serialSetRtHandler)
                  0000ae7c    00000010     serial.obj (.text:serialWriteS)
                  0000ae8c    00000010     settings.obj (.text:set_homing_cycle)
                  0000ae9c    00000010     settings.obj (.text:setting_datatype_to_external)
                  0000aeac    00000010     stepper.obj (.text:st_wake_up)
                  0000aebc    00000010     gcode.obj (.text:strcpy)
                  0000aecc    00000010     system.obj (.text:system_flag_wco_change)
                  0000aedc    0000000e     system.obj (.text:enumerate_settings)
                  0000aeea    0000000e     system.obj (.text:enumerate_settings_grblformatted)
                  0000aef8    0000000e     rts430x_lc_rd_eabi.lib : labs.c.obj (.text:labs)
                  0000af06    0000000e     ngc_params.obj (.text:m66_result)
                  0000af14    0000000e     serial.obj (.text:serialRxFlush)
                  0000af22    0000000e     gcode.obj (.text:strlen)
                  0000af30    0000000e     rts430x_lc_rd_eabi.lib : strlen.c.obj (.text:strlen)
                  0000af3e    0000000c     tool_change.obj (.text:execute_warning)
                  0000af4a    0000000c     nvs_buffer.obj (.text:nvs_warning)
                  0000af56    0000000c     system.obj (.text:output_parser_state)
                  0000af62    0000000c     nvs_buffer.obj (.text:ram_get_byte)
                  0000af6e    0000000c     settings.obj (.text:set_control_disable_pullup)
                  0000af7a    0000000c     settings.obj (.text:set_control_invert)
                  0000af86    0000000a     rts430x_lc_rd_eabi.lib : abs.c.obj (.text:abs)
                  0000af90    0000000a     report.obj (.text:cmp_alarms)
                  0000af9a    0000000a     report.obj (.text:cmp_errors)
                  0000afa4    0000000a     report.obj (.text:cmp_setting_group_id)
                  0000afae    0000000a     report.obj (.text:cmp_settings)
                  0000afb8    0000000a     ngc_params.obj (.text:coord_system)
                  0000afc2    0000000a     system.obj (.text:enumerate_groups)
                  0000afcc    0000000a     ngc_params.obj (.text:g92_offset_applied)
                  0000afd6    0000000a     report.obj (.text:get_rate_value_mm)
                  0000afe0    0000000a     settings.obj (.text:is_group_available)
                  0000afea    0000000a     report.obj (.text:report_grbl_help)
                  0000aff4    0000000a     report.obj (.text:report_pid_log)
                  0000affe    0000000a     rts430x_lc_rd_eabi.lib : fs_neg.asm.obj (.text)
                  0000b008    0000000a                            : lsl16.asm.obj (.text)
                  0000b012    0000000a     stepper.obj (.text:st_rpm_changed)
                  0000b01c    00000008     driver.obj (.text:enable_irq)
                  0000b024    00000008     system.obj (.text:enumerate_alarms)
                  0000b02c    00000008     system.obj (.text:enumerate_alarms_grblformatted)
                  0000b034    00000008     system.obj (.text:enumerate_errors)
                  0000b03c    00000008     system.obj (.text:enumerate_errors_grblformatted)
                  0000b044    00000008     rts430x_lc_rd_eabi.lib : s_lroundf.c.obj (.text:lroundf)
                  0000b04c    00000008                            : memory.c.obj (.text:malloc)
                  0000b054    00000008     system.obj (.text:output_help)
                  0000b05c    00000008     settings.obj (.text:set_report_mask)
                  0000b064    00000008     system.obj (.text:set_startup_line0)
                  0000b06c    00000008     system.obj (.text:set_startup_line1)
                  0000b074    00000006     rts430x_lc_rd_eabi.lib : exit.c.obj (.text:abort)
                  0000b07a    00000006     alarms.obj (.text:alarms_get_details)
                  0000b080    00000006     driver.obj (.text:disable_irq)
                  0000b086    00000006     system.obj (.text:enumerate_pins)
                  0000b08c    00000006     errors.obj (.text:errors_get_details)
                  0000b092    00000006     sleep.obj (.text:fall_asleep)
                  0000b098    00000006     gcode.obj (.text:gc_get_scaling)
                  0000b09e    00000006     stream.obj (.text:null_enqueue_rt_command)
                  0000b0a4    00000006     stream.obj (.text:null_rx_free)
                  0000b0aa    00000006     planner.obj (.text:plan_get_system_motion_block)
                  0000b0b0    00000006     serial.obj (.text:serialEnqueueRtCommand)
                  0000b0b6    00000006     settings.obj (.text:settings_get_details)
                  0000b0bc    00000006     state_machine.obj (.text:state_get)
                  0000b0c2    00000006     stream.obj (.text:stream_null_init)
                  0000b0c8    00000006     system.obj (.text:tool_probe_workpiece)
                  0000b0ce    00000004     rts430x_lc_rd_eabi.lib : pre_init.c.obj (.text:_system_pre_init)
                  0000b0d2    00000004     grbllib.obj (.text:dummy_irq_claim)
                  0000b0d6    00000004     stream.obj (.text:null_count)
                  0000b0da    00000004     stream.obj (.text:null_put_c)
                  0000b0de    00000004     stream.obj (.text:null_set_baudrate)
                  0000b0e2    00000004     stream.obj (.text:null_suspend_disable)
                  0000b0e6    00000004     stream.obj (.text:stream_get_null)
                  0000b0ea    00000002     rts430x_lc_rd_eabi.lib : _lock.c.obj (.text:_nop)
                  0000b0ec    00000002                            : startup.c.obj (.text:_system_post_cinit)
                  0000b0ee    00000002     grbllib.obj (.text:dummy_bool_handler)
                  0000b0f0    00000002     nuts_bolts.obj (.text:dummy_handler)
                  0000b0f2    00000002     my_plugin.obj (.text:my_plugin_init)
                  0000b0f4    00000002     stream.obj (.text:null_write)
                  0000b0f6    00000002     stream.obj (.text:null_write_string)
                  0000b0f8    00000002     protocol.obj (.text:protocol_execute_noop)
                  0000b0fa    00000002     state_machine.obj (.text:state_noop)

.text.2    0    00010000    00014400     
                  00010000    000034c8     gcode.obj (.text:gc_execute_block)
                  000134c8    00000ea8     motion_control.obj (.text:mc_cubic_b_spline)
                  00014370    00000e2e     stepper.obj (.text:st_prep_buffer)
                  0001519e    00000db8     rts430x_lc_rd_eabi.lib : k_rem_pio2.c.obj (.text:__kernel_rem_pio2)
                  00015f56    00000d34                            : s_sinf.c.obj (.text:sinf)
                  00016c8a    00000d20                            : s_cosf.c.obj (.text:cosf)
                  000179aa    00000c30     report.obj (.text:report_realtime_status)
                  000185da    00000a74     rts430x_lc_rd_eabi.lib : e_powf.c.obj (.text:powf)
                  0001904e    000007b8                            : s_tanf.c.obj (.text:tanf)
                  00019806    00000760     planner.obj (.text:plan_buffer_line)
                  00019f66    0000072a     rts430x_lc_rd_eabi.lib : addd.c.obj (.text:__mspabi_addd)
                  0001a690    000006d4     limits.obj (.text:limits_homing_cycle)
                  0001ad64    000005d8     motion_control.obj (.text:mc_arc)
                  0001b33c    000005d0     report.obj (.text:report_build_info)
                  0001b90c    00000546     protocol.obj (.text:protocol_exec_rt_system)
                  0001be52    000004c0     motion_control.obj (.text:mc_thread)
                  0001c312    00000498     report.obj (.text:report_settings_detail)
                  0001c7aa    0000046c     protocol.obj (.text:protocol_main_loop)
                  0001cc16    00000468     rts430x_lc_rd_eabi.lib : frcdivd.c.obj (.text:__TI_frcdivd)
                  0001d07e    000003ae     motion_control.obj (.text:mc_canned_drill)
                  0001d42c    000003a2     state_machine.obj (.text:state_await_hold)
                  0001d7ce    0000036c     report.obj (.text:report_gcode_modes)
                  0001db3a    00000366     stepper.obj (.text:stepper_driver_interrupt_handler)
                  0001dea0    00000352     grbllib.obj (.text:grbl_enter)
                  0001e1f2    00000330     ngc_params.obj (.text:ngc_named_param_get_by_id)
                  0001e522    00000308     settings.obj (.text:set_axis_setting)
                  0001e82a    000002ee     protocol.obj (.text:protocol_enqueue_realtime_command)
                  0001eb18    000002c0     driver.obj (.text:settings_changed)
                  0001edd8    00000298     rts430x_lc_rd_eabi.lib : s_atanf.c.obj (.text:atanf)
                  0001f070    00000292                            : mpyd.c.obj (.text:__mspabi_mpyd)
                  0001f302    00000242     system.obj (.text:system_apply_jog_limits)
                  0001f544    00000236     tool_change.obj (.text:execute_probe)
                  0001f77a    00000236     settings.obj (.text:settings_store_setting)
                  0001f9b0    00000234     rts430x_lc_rd_eabi.lib : e_atan2f.c.obj (.text:atan2f)
                  0001fbe4    00000232     system.obj (.text:system_execute_line)
                  0001fe16    0000021c     rts430x_lc_rd_eabi.lib : divd.c.obj (.text:__mspabi_divd)
                  00020032    00000208     settings.obj (.text:get_int)
                  0002023a    00000206     state_machine.obj (.text:state_await_resume)
                  00020440    000001fa     tool_change.obj (.text:tc_probe_workpiece)
                  0002063a    000001fa     tool_change.obj (.text:tool_change)
                  00020834    000001f6     nvs_buffer.obj (.text:nvs_buffer_sync_physical)
                  00020a2a    000001ec     motion_control.obj (.text:mc_homing_cycle)
                  00020c16    000001d8     motion_control.obj (.text:mc_probe_cycle)
                  00020dee    000001d2     nvs_buffer.obj (.text:memcpy_to_ram)
                  00020fc0    000001cc     state_machine.obj (.text:state_set)
                  0002118c    000001ca     planner.obj (.text:planner_recalculate)
                  00021356    000001c8     limits.obj (.text:limits_pull_off)
                  0002151e    000001c4     rts430x_lc_rd_eabi.lib : s_floor.c.obj (.text:floor)
                  000216e2    000001a6     stepper.obj (.text:st_reset)
                  00021888    0000017e     settings.obj (.text:setting_get_value)
                  00021a06    0000017c     planner.obj (.text:plan_reset)
                  00021b82    0000016a     report.obj (.text:print_settings_details)
                  00021cec    00000168     driver.obj (.text:driver_init)
                  00021e54    00000164     rts430x_lc_rd_eabi.lib : frcmpyd.c.obj (.text:__TI_frcmpyd)
                  00021fb8    0000015a                            : s_scalbn.c.obj (.text:scalbn)
                  00022112    00000158     nuts_bolts.obj (.text:ftoa)
                  0002226a    00000158     system.obj (.text:system_check_travel_limits)
                  000223c2    00000156     spindle_control.obj (.text:spindle_precompute_pwm_values)
                  00022518    00000152     report.obj (.text:report_grbl_settings)
                  0002266a    0000014c     gcode.obj (.text:gc_normalize_block)
                  000227b6    00000144     report.obj (.text:add_limits)
                  000228fa    0000013a     system.obj (.text:system_command_help)
                  00022a34    00000136     settings.obj (.text:is_setting_available)
                  00022b6a    00000136     settings.obj (.text:settings_restore)
                  00022ca0    00000134     settings.obj (.text:setting_validate_me)
                  00022dd4    00000132     rts430x_lc_rd_eabi.lib : fs_add.asm.obj (.text)
                  00022f06    00000130     driver.obj (.text:driver_setup)
                  00023036    00000130     report.obj (.text:report_ngc_parameters)
                  00023166    0000012c     stream.obj (.text:stream_mpg_enable)
                  00023292    0000012a     nuts_bolts.obj (.text:read_float)
                  000233bc    00000128     rts430x_lc_rd_eabi.lib : e_sqrtf.c.obj (.text:sqrtf)
                  000234e4    00000126     settings.obj (.text:settings_init)
                  0002360a    0000011e     nvs_buffer.obj (.text:nvs_buffer_init)
                  00023728    00000118     settings.obj (.text:settings_is_group_available)
                  00023840    00000116     report.obj (.text:report_last_signals_event)
                  00023956    00000112     rts430x_lc_rd_eabi.lib : memory.c.obj (.text:aligned_alloc)
                  00023a68    0000010a     report.obj (.text:get_axis_values_inches)
                  00023b72    00000104     settings.obj (.text:setting_get_details)
                  00023c76    00000102     system.obj (.text:go_home)
                  00023d78    00000100     tool_change.obj (.text:restore)
                  00023e78    000000f6     rts430x_lc_rd_eabi.lib : qsort.c.obj (.text:qsort)
                  00023f6e    000000f2     settings.obj (.text:settings_iterator)
                  00024060    000000f0     rts430x_lc_rd_eabi.lib : fputs.c.obj (.text:fputs)
                  00024150    000000ee     gcode.obj (.text:gc_init)
                  0002423e    000000e8     report.obj (.text:report_help)
                  00024326    000000da     rts430x_lc_rd_eabi.lib : s_ceilf.c.obj (.text:ceilf)

MODULE SUMMARY

       Module                       code     ro data   rw data
       ------                       ----     -------   -------
    .\
       driver.obj                   3640     46        83     
       serial.obj                   472      70        398    
       main.obj                     96       0         0      
    +--+----------------------------+--------+---------+---------+
       Total:                       4208     116       481    
                                                              
    .\grbl\
       report.obj                   12404    3739      116    
       gcode.obj                    15130    38        422    
       settings.obj                 6816     6310      556    
       motion_control.obj           8924     2         0      
       stepper.obj                  5404     3         941    
       system.obj                   4196     1837      0      
       planner.obj                  3410     0         1580   
       protocol.obj                 3858     11        556    
       state_machine.obj            3270     7         92     
       errors.obj                   6        3128      10     
       tool_change.obj              2686     340       75     
       limits.obj                   2972     66        0      
       ngc_params.obj               1778     1130      8      
       nvs_buffer.obj               1598     100       49     
       grbllib.obj                  968      33        629    
       alarms.obj                   6        1514      10     
       spindle_control.obj          1272     1         0      
       nuts_bolts.obj               1090     62        14     
       stream.obj                   414      76        104    
       override.obj                 142      0         40     
       sleep.obj                    162      0         1      
       regex.obj                    146      0         0      
       coolant_control.obj          80       0         0      
       my_plugin.obj                2        0         0      
    +--+----------------------------+--------+---------+---------+
       Total:                       76734    18397     5203   
                                                              
    C:\ti\ccs1230\ccs\tools\compiler\ti-cgt-msp430_21.6.1.LTS\lib\rts430x_lc_rd_eabi.lib
       k_rem_pio2.c.obj             3512     336       0      
       s_sinf.c.obj                 3380     0         0      
       s_cosf.c.obj                 3360     0         0      
       e_powf.c.obj                 2676     24        0      
       s_tanf.c.obj                 1976     48        0      
       addd.c.obj                   1834     0         0      
       frcdivd.c.obj                1128     0         0      
       memory.c.obj                 802      0         6      
       s_atanf.c.obj                664      52        0      
       mpyd.c.obj                   658      0         0      
       e_atan2f.c.obj               564      0         0      
       divd.c.obj                   540      0         0      
       s_floor.c.obj                452      0         0      
       trgmsg.c.obj                 104      0         288    
       defs.c.obj                   0        0         362    
       frcmpyd.c.obj                356      0         0      
       s_scalbn.c.obj               346      0         0      
       fs_add.asm.obj               306      0         0      
       e_sqrtf.c.obj                296      0         0      
       qsort.c.obj                  246      0         0      
       fputs.c.obj                  240      0         0      
       s_scalbnf.c.obj              228      0         0      
       setvbuf.c.obj                222      0         0      
       s_floorf.c.obj               220      0         0      
       s_ceilf.c.obj                218      0         0      
       cmpd.c.obj                   216      0         0      
       fflush.c.obj                 188      0         0      
       fs_mpy.asm.obj               184      0         0      
       host_device.c.obj            0        0         180    
       cvtdf.c.obj                  178      0         0      
       s_truncf.c.obj               178      0         0      
       s_roundf.c.obj               166      0         0      
       fltlid.c.obj                 158      0         0      
       hostlseek.c.obj              154      0         0      
       fs_div.asm.obj               144      0         0      
       getdevice.c.obj              136      0         0      
       _io_perm.c.obj               126      0         0      
       fs_tol.asm.obj               126      0         0      
       hostopen.c.obj               112      0         8      
       copy_decompress_lzss.c.obj   118      0         0      
       fclose.c.obj                 116      0         0      
       hostrename.c.obj             116      0         0      
       hostwrite.c.obj              108      0         0      
       fseek.c.obj                  106      0         0      
       hostread.c.obj               106      0         0      
       fs_toi.asm.obj               104      0         0      
       fixdli.c.obj                 102      0         0      
       cvtfd.c.obj                  100      0         0      
       mult64_f5hw.asm.obj          92       0         0      
       close.c.obj                  90       0         0      
       div32u.asm.obj               88       0         0      
       strtok.c.obj                 84       0         4      
       autoinit.c.obj               84       0         0      
       exit.c.obj                   80       0         2      
       asr32.asm.obj                78       0         0      
       hostclose.c.obj              78       0         0      
       lsl32.asm.obj                78       0         0      
       lsr32.asm.obj                78       0         0      
       fs_toul.asm.obj              76       0         0      
       fs_cmp.asm.obj               74       0         0      
       fs_ltof.asm.obj              74       0         0      
       fs_tou.asm.obj               70       0         0      
       hostunlink.c.obj             70       0         0      
       asr64.c.obj                  64       0         0      
       lseek.c.obj                  62       0         0      
       write.c.obj                  60       0         0      
       lsl64.c.obj                  58       0         0      
       lsr64.c.obj                  58       0         0      
       fopen.c.obj                  54       0         0      
       fs_itof.asm.obj              54       0         0      
       fs_ultof.asm.obj             50       0         0      
       strncpy.c.obj                50       0         0      
       subd.c.obj                   50       0         0      
       unlink.c.obj                 48       0         0      
       negd.c.obj                   46       0         0      
       s_copysign.c.obj             46       0         0      
       div16s.asm.obj               44       0         0      
       mult3264_f5hw.asm.obj        44       0         0      
       strcspn.c.obj                44       0         0      
       strspn.c.obj                 42       0         0      
       copy_zero_init.c.obj         36       0         0      
       fs_utof.asm.obj              36       0         0      
       mult32_f5hw.asm.obj          36       0         0      
       boot.c.obj                   28       2         0      
       strchr.c.obj                 28       0         0      
       strcmp.c.obj                 28       0         0      
       assert.c.obj                 26       0         0      
       mult16_f5hw.asm.obj          24       0         0      
       div16u.asm.obj               22       0         0      
       memchr.c.obj                 22       0         0      
       memset.c.obj                 22       0         0      
       memcpy.c.obj                 20       0         0      
       copy_decompress_none.c.obj   18       0         0      
       s_copysignf.c.obj            18       0         0      
       strcpy.c.obj                 18       0         0      
       labs.c.obj                   14       0         0      
       strlen.c.obj                 14       0         0      
       _lock.c.obj                  2        0         8      
       abs.c.obj                    10       0         0      
       fs_neg.asm.obj               10       0         0      
       lsl16.asm.obj                10       0         0      
       exit_gvars.c.obj             0        0         8      
       isr_trap.asm.obj             8        0         0      
       s_lroundf.c.obj              8        0         0      
       pre_init.c.obj               4        0         0      
       errno.c.obj                  0        0         2      
       int41.asm.obj                0        2         0      
       int43.asm.obj                0        2         0      
       int45.asm.obj                0        2         0      
       int48.asm.obj                0        2         0      
       int49.asm.obj                0        2         0      
       int50.asm.obj                0        2         0      
       int51.asm.obj                0        2         0      
       int54.asm.obj                0        2         0      
       int55.asm.obj                0        2         0      
       int56.asm.obj                0        2         0      
       int58.asm.obj                0        2         0      
       int60.asm.obj                0        2         0      
       int61.asm.obj                0        2         0      
       int62.asm.obj                0        2         0      
       startup.c.obj                2        0         0      
    +--+----------------------------+--------+---------+---------+
       Total:                       29902    490       868    
                                                              
[...]
00004200  _stack                                 
00004400  USCI1RX_ISR                            
00004400  __STACK_END                            
0000449e  limit_isr                              
000044f0  software_debounce_isr                  
0000452a  control_isr                            
0000455e  stepper_pulse_isr_delayed              
00004584  systick_isr                            
000045a8  stepper_driver_isr                     
000045c6  _c_int00_noargs                        
000045e2  stepper_pulse_isr                      
000045f6  __TI_ISR_TRAP                          
000045fe  ldexpf                                 
000045fe  scalbnf                                
000046e2  free                                   
000047c4  limits_set_machine_positions           
000048a6  gc_set_tool_offset                     
00004986  initiate_hold                          
00004b44  setvbuf                                
00004c22  floorf                                 
00004cfe  limits_go_home                         
00004dda  __mspabi_cmpd                          
00004eb2  ngc_named_param_get                    
00004f8a  control_interrupt_handler              
000051ec  report_setting_group_details           
000052b4  spindle_sync                           
0000537c  report_alarm_details                   
00005508  report_error_details                   
00005692  spindle_restore                        
00005756  plan_compute_profile_nominal_speed     
000058d2  __mspabi_mpyf                          
0000598a  __mspabi_cvtdf                         
00005a3c  truncf                                 
00005aee  system_xy_at_fixture                   
00005c4c  spindle_compute_pwm_value              
00005da8  mc_reset                               
00005efa  convert_delta_vector_to_unit_vector    
00006046  roundf                                 
00006232  __mspabi_fltlid                        
0000636c  report_spindle_data                    
00006408  HOSTlseek                              
000064a2  state_suspend_manager                  
00006536  tc_init                                
000065ca  plan_update_velocity_profile_parameters
000066ec  ngc_param_get                          
0000677c  __mspabi_divf                          
0000680c  mc_line                                
0000689a  read_global_settings                   
00006928  mc_jog_execute                         
00006a40  spindle_set_state                      
00006b58  spindle_set_rpm                        
00006be2  st_parking_restore_buffer              
00006e86  setting_remove_elements                
00006f0a  __TI_wrt_ok                            
00006f88  protocol_enqueue_gcode                 
00007006  __mspabi_fixfli                        
00007084  settings_read_coord_data               
00007176  __TI_decompress_lzss                   
000071ec  HOSTrename                             
00007260  __TI_closefile                         
000073bc  HOSTopen                               
0000750a  HOSTwrite                              
00007576  HOSTread                               
000075e0  fseek                                  
000075e0  fseeko                                 
0000764a  plan_discard_current_block             
000076b4  settings_read_startup_line             
000077f0  __mspabi_fixfi                         
00007858  __mspabi_fixdli                        
00007924  read_int                               
00007a56  __TI_doflush                           
00007aba  __mspabi_cvtfd                         
00007b82  uitoa                                  
00007c48  matchhere                              
00007d6e  tc_clear_tlo_reference                 
00007dd0  main                                   
00007ef0  probeGetState                          
00007f4e  report_ngc_parameter                   
00007fac  settings_get_axis_base                 
0000800a  st_go_idle                             
00008068  st_parking_setup_buffer                
00008124  __mspabi_mpyll_f5hw                    
00008180  report_feedback_message                
00008238  close                                  
00008292  getdevice                              
000082ec  fflush                                 
00008344  report_named_ngc_parameter             
0000839c  __mspabi_divul                         
0000839c  __mspabi_remul                         
000085aa  __TI_auto_init_nobinit_nopinit_hold_wdt
000086a6  settings_write_coord_data              
000086fa  settings_write_startup_line            
0000874e  strtok                                 
000087a2  system_raise_alarm                     
00008848  spindle_set_override                   
0000889a  HOSTclose                              
00008982  __mspabi_fixful                        
000089ce  system_convert_array_steps_to_mpos     
00008a1a  system_execute_startup                 
00008a66  delay_sec                              
00008ab0  exit                                   
00008b8e  __mspabi_cmpf                          
00008bd8  __mspabi_fltlif                        
00008cb4  plan_feed_override                     
00008cfc  protocol_execute_realtime              
00008d44  report_current_limit_state             
00008d8c  report_startup_line                    
00008dd4  report_status_message                  
00008e64  HOSTunlink                             
00008eaa  calloc                                 
00008ef0  isintf                                 
00008f36  report_alarm_message                   
00008f7c  report_probe_parameters                
00008fc2  __mspabi_fixfu                         
0000915e  sleep_check                            
00009228  limits_soft_check                      
000092ac  __mspabi_srall                         
0000932c  settings_read_build_info               
000093ac  gc_get_g51_state                       
00009466  __mspabi_sral_15                       
0000946a  __mspabi_sral_14                       
0000946e  __mspabi_sral_13                       
00009472  __mspabi_sral_12                       
00009476  __mspabi_sral_11                       
0000947a  __mspabi_sral_10                       
0000947e  __mspabi_sral_9                        
00009482  __mspabi_sral_8                        
00009486  __mspabi_sral_7                        
0000948a  __mspabi_sral_6                        
0000948e  __mspabi_sral_5                        
00009492  __mspabi_sral_4                        
00009496  __mspabi_sral_3                        
0000949a  __mspabi_sral_2                        
0000949e  __mspabi_sral_1                        
000094a4  __mspabi_slll_15                       
000094a8  __mspabi_slll_14                       
000094ac  __mspabi_slll_13                       
000094b0  __mspabi_slll_12                       
000094b4  __mspabi_slll_11                       
000094b8  __mspabi_slll_10                       
000094bc  __mspabi_slll_9                        
000094c0  __mspabi_slll_8                        
000094c4  __mspabi_slll_7                        
000094c8  __mspabi_slll_6                        
000094cc  __mspabi_slll_5                        
000094d0  __mspabi_slll_4                        
000094d4  __mspabi_slll_3                        
000094d8  __mspabi_slll_2                        
000094dc  __mspabi_slll_1                        
000094e2  __mspabi_srll_15                       
000094e6  __mspabi_srll_14                       
000094ea  __mspabi_srll_13                       
000094ee  __mspabi_srll_12                       
000094f2  __mspabi_srll_11                       
000094f6  __mspabi_srll_10                       
000094fa  __mspabi_srll_9                        
000094fe  __mspabi_srll_8                        
00009502  __mspabi_srll_7                        
00009506  __mspabi_srll_6                        
0000950a  __mspabi_srll_5                        
0000950e  __mspabi_srll_4                        
00009512  __mspabi_srll_3                        
00009516  __mspabi_srll_2                        
0000951a  __mspabi_srll_1                        
00009520  limit_interrupt_handler                
0000955e  lseek                                  
0000959c  report_init                            
000096ca  write                                  
00009706  __mspabi_sllll                         
00009740  __mspabi_srlll                         
0000977a  limits_homing_required                 
000097ee  protocol_enqueue_rt_command            
00009828  report_message                         
00009862  report_settings_details                
000098d6  plan_get_block_buffer_available        
00009946  __TI_cleanup                           
0000997c  __TI_writemsg                          
000099ae  C$$IO$$                                
000099e8  __mspabi_fltif                         
00009ac0  nvs_buffer_alloc                       
00009b28  report_home_position                   
00009b90  __TI_readmsg                           
00009bc2  __mspabi_subd                          
00009bf4  gc_get_offset                          
00009c26  gc_get_plane_data                      
00009c8a  __mspabi_fltulf                        
00009cee  settings_write_global                  
00009d20  strncpy                                
00009db2  matchstar                              
00009de2  mc_parking_motion                      
00009ea2  st_update_plan_block_parameters        
00009ed2  remove                                 
00009ed2  unlink                                 
00009f02  __mspabi_negd                          
00009f30  copysign                               
00009f30  copysignl                              
00009f5e  finddevice                             
00009f8c  limit_signals_merge                    
00009fba  serialInit                             
0000a072  __mspabi_mpyull_f5hw                   
0000a09e  coolant_sync                           
0000a122  __mspabi_divi                          
0000a122  __mspabi_remi                          
0000a1a6  strcspn                                
0000a2f8  strspn                                 
0000a3a0  gc_spindle_off                         
0000a418  report_grbl_setting                    
0000a468  settings_write_build_info              
0000a490  state_update                           
0000a4de  protocol_buffer_synchronize            
0000a504  report_execute_startup_message         
0000a576  calc_checksum                          
0000a59a  coolant_set_state                      
0000a5be  __TI_zero_init                         
0000a5e2  __mspabi_fltuf                         
0000a606  __mspabi_mpyl_f5hw                     
0000a64e  __isnanf                               
0000a808  get_accessory_override                 
0000a848  get_feed_override                      
0000a868  mc_dwell                               
0000a888  plan_get_exec_block_exit_speed_sqr     
0000a906  enqueue_accessory_override             
0000a924  enqueue_feed_override                  
0000a99c  report_tool_offsets                    
0000a9f6  spindle_reset_data                     
0000aa14  stream_enqueue_realtime_command        
0000aa50  limits_set_homing_axes                 
0000aa88  setting_is_list                        
0000aaa4  st_get_realtime_rate                   
0000aac0  strchr                                 
0000aadc  strcmp                                 
0000aaf8  _abort_msg                             
0000ab2c  stream_tx_blocking                     
0000ab78  __mspabi_mpyi_f5hw                     
0000ac14  mc_override_ctrl_update                
0000ac2a  memchr                                 
0000ac40  memset                                 
0000ac56  nvs_buffer_free                        
0000ac6c  report_pins                            
0000ac82  __mspabi_divu                          
0000ac82  __mspabi_remu                          
0000ac98  gc_coolant_off                         
0000acac  memcpy                                 
0000acc0  plan_get_current_block                 
0000acd4  protocol_auto_cycle_start              
0000ace8  report_init_message                    
0000acfc  st_deenergize                          
0000ad10  copysignf                              
0000ad22  __TI_decompress_none                   
0000ad34  flush_override_buffers                 
0000ad58  nvs_buffer_get_physical                
0000ad6a  plan_cycle_reinitialize                
0000ad7c  plan_sync_position                     
0000ad8e  report_init_fns                        
0000ada0  settings_normalize_group               
0000add6  state_door_reopened                    
0000ade8  strcpy                                 
0000ae1c  __mspabi_sral                          
0000ae2c  __mspabi_slll                          
0000ae3c  __mspabi_srll                          
0000ae5c  plan_check_full_buffer                 
0000ae9c  setting_datatype_to_external           
0000aeac  st_wake_up                             
0000aecc  system_flag_wco_change                 
0000aef8  labs                                   
0000af30  strlen                                 
0000af86  abs                                    
0000afea  report_grbl_help                       
0000aff4  report_pid_log                         
0000affe  __mspabi_negf                          
0000b008  __mspabi_slli                          
0000b012  st_rpm_changed                         
0000b044  lroundf                                
0000b04c  malloc                                 
0000b074  C$$EXIT                                
0000b074  abort                                  
0000b07a  alarms_get_details                     
0000b08c  errors_get_details                     
0000b098  gc_get_scaling                         
0000b0aa  plan_get_system_motion_block           
0000b0b6  settings_get_details                   
0000b0bc  state_get                              
0000b0c2  stream_null_init                       
0000b0ce  _system_pre_init                       
0000b0e6  stream_get_null                        
0000b0ea  _nop                                   
0000b0ec  _system_post_cinit                     
0000b0ee  dummy_bool_handler                     
0000b0f0  dummy_handler                          
0000b0f2  my_plugin_init                         
0000b0f8  protocol_execute_noop                  
0000f12c  defaults                               
0000fa56  axis_letter                            
0000fb08  settings_all                           
0000fc5c  __TI_Handler_Table_Base                
0000fc68  __TI_Handler_Table_Limit               
0000fc6e  __TI_CINIT_Base                        
0000fc7e  __TI_CINIT_Limit                       
0000fc7e  __TI_CINIT_Warm                        
0000ffd2  __TI_int41                             
0000ffd4  __TI_int42                             
0000ffd6  __TI_int43                             
0000ffd8  __TI_int44                             
0000ffda  __TI_int45                             
0000ffdc  __TI_int46                             
0000ffde  __TI_int47                             
0000ffe0  __TI_int48                             
0000ffe2  __TI_int49                             
0000ffe4  __TI_int50                             
0000ffe6  __TI_int51                             
0000ffe8  __TI_int52                             
0000ffea  __TI_int53                             
0000ffec  __TI_int54                             
0000ffee  __TI_int55                             
0000fff0  __TI_int56                             
0000fff2  __TI_int57                             
0000fff4  __TI_int58                             
0000fff6  __TI_int59                             
0000fff8  __TI_int60                             
0000fffa  __TI_int61                             
0000fffc  __TI_int62                             
0000fffe  _reset_vector                          
00010000  gc_execute_block                       
000134c8  mc_cubic_b_spline                      
00014370  st_prep_buffer                         
0001519e  __kernel_rem_pio2                      
00015f56  sinf                                   
00016c8a  cosf                                   
000179aa  report_realtime_status                 
000185da  powf                                   
0001904e  tanf                                   
00019806  plan_buffer_line                       
00019f66  __mspabi_addd                          
0001ad64  mc_arc                                 
0001b33c  report_build_info                      
0001b90c  protocol_exec_rt_system                
0001be52  mc_thread                              
0001c7aa  protocol_main_loop                     
0001cc16  __TI_frcdivd                           
0001d07e  mc_canned_drill                        
0001d7ce  report_gcode_modes                     
0001db3a  stepper_driver_interrupt_handler       
0001dea0  grbl_enter                             
0001e1f2  ngc_named_param_get_by_id              
0001e82a  protocol_enqueue_realtime_command      
0001edd8  atanf                                  
0001f070  __mspabi_mpyd                          
0001f302  system_apply_jog_limits                
0001f77a  settings_store_setting                 
0001f9b0  atan2f                                 
0001fbe4  system_execute_line                    
0001fe16  __mspabi_divd                          
00020440  tc_probe_workpiece                     
00020834  nvs_buffer_sync_physical               
00020a2a  mc_homing_cycle                        
00020c16  mc_probe_cycle                         
00020fc0  state_set                              
0002151e  floor                                  
0002151e  floorl                                 
000216e2  st_reset                               
00021888  setting_get_value                      
00021a06  plan_reset                             
00021cec  driver_init                            
00021e54  __TI_frcmpyd                           
00021fb8  ldexp                                  
00021fb8  ldexpl                                 
00021fb8  scalbn                                 
00021fb8  scalbnl                                
00022112  ftoa                                   
0002226a  system_check_travel_limits             
000223c2  spindle_precompute_pwm_values          
00022518  report_grbl_settings                   
0002266a  gc_normalize_block                     
000228fa  system_command_help                    
00022b6a  settings_restore                       
00022ca0  setting_validate_me                    
00022dd4  __mspabi_subf                          
00022dda  __mspabi_addf                          
00023036  report_ngc_parameters                  
00023166  stream_mpg_enable                      
00023292  read_float                             
000233bc  sqrtf                                  
000234e4  settings_init                          
0002360a  nvs_buffer_init                        
00023728  settings_is_group_available            
00023840  report_last_signals_event              
00023956  aligned_alloc                          
00023956  memalign                               
00023b72  setting_get_details                    
00023e78  qsort                                  
00023f6e  settings_iterator                      
00024060  fputs                                  
00024150  gc_init                                
0002423e  report_help                            
00024326  ceilf                                  
ffffffff  __TI_pprof_out_hndl                    
ffffffff  __TI_prof_data_size                    
ffffffff  __TI_prof_data_start                   
ffffffff  __c_args__                             

[1156 symbols]
